Microchip MPLAB XC8 Compiler V2.41

Linker command line:

-W-3 \
  --edf=C:\Program Files\Microchip\xc8\v2.41\pic\dat\20230208172133_en.msgs \
  -cn -h+dist/default/production\PIC_projects.production.sym \
  --cmf=dist/default/production\PIC_projects.production.cmf -z -Q18F4620 \
  -oC:\Users\Mousa\AppData\Local\Temp\xcAsij4.\driver_tmp_3.o \
  --defsym=__MPLAB_BUILD=1 --fixupoverflow=error \
  -Mdist/default/production/PIC_projects.production.map \
  --md=C:\Users\Mousa\AppData\Local\Temp\xcAsij4.\driver_tmp_0.dat -E1 \
  -ver=XC8 Compiler --acfsm=1493 -ACODE=00h-0FFFFh -ACONST=00h-0FFFFh \
  -ASMALLCONST=01000h-010FFhx240 -AMEDIUMCONST=01000h-0FFFFh \
  -ACOMRAM=01h-07Fh -AABS1=00h-0F7Fh -ABIGRAM=01h-0F7Fh \
  -ARAM=080h-0FFh,0100h-01FFhx14,0F00h-0F7Fh -ABANK0=080h-0FFh \
  -ABANK1=0100h-01FFh -ABANK2=0200h-02FFh -ABANK3=0300h-03FFh \
  -ABANK4=0400h-04FFh -ABANK5=0500h-05FFh -ABANK6=0600h-06FFh \
  -ABANK7=0700h-07FFh -ABANK8=0800h-08FFh -ABANK9=0900h-09FFh \
  -ABANK10=0A00h-0AFFh -ABANK11=0B00h-0BFFh -ABANK12=0C00h-0CFFh \
  -ABANK13=0D00h-0DFFh -ABANK14=0E00h-0EFFh -ABANK15=0F00h-0F7Fh \
  -ASFR=0F80h-0FFFh -ABIGSFR=0F80h-0FFFh -ACONFIG=0300000h-030000Dh \
  -AIDLOC=0200000h-0200007h -AEEDATA=0F00000h-0F003FFh -peeprom_data=EEDATA \
  -preset_vec=00h,intcode=08h,intcodelo,powerup,init -pramtop=01000h \
  -psmallconst=SMALLCONST -pmediumconst=MEDIUMCONST -pconst=CONST \
  -AFARRAM=00h-00h \
  -prdata=COMRAM,nvrram=COMRAM,nvbit=COMRAM,rbss=COMRAM,rbit=COMRAM \
  -pfarbss=FARRAM,fardata=FARRAM,nvFARRAM=FARRAM \
  -pintsave_regs=BIGRAM,bigbss=BIGRAM,bigdata=BIGRAM -pbss=RAM \
  -pidata=CODE,irdata=CODE,ibigdata=CODE,ifardata=CODE -prparam=COMRAM \
  C:\Users\Mousa\AppData\Local\Temp\xcAsij4.\driver_tmp_9.o \
  dist/default/production\PIC_projects.production.o 

Object code version is 3.11

Machine type is 18F4620



                Name                               Link     Load   Length Selector   Space Scale
C:\Users\Mousa\AppData\Local\Temp\xcAsij4.\driver_tmp_9.o
                idloc                            200000   200000        8        0       5
                config                           300000   300000        E        0       4
                init                                  E        E        4        4       0
                reset_vec                             0        0        4        0       0
dist/default/production\PIC_projects.production.o
                intcode                               8        8        6        4       0
                idloc                            200000   200000        8        0       5
                config                           300000   300000        E        0       4
                temp                                 72       72        1        1       1
                smallconst                         1000     1000        6      800       0
                text28                             1C20     1C20        4      DB2       0
                text27                             1C1C     1C1C        4      DB2       0
                text26                             1C18     1C18        4      DB2       0
                text25                             1C24     1C24        2      DB2       0
                text24                             1C14     1C14        4      DB2       0
                text23                             1C10     1C10        4      DB2       0
                text22                             1C0C     1C0C        4      DB2       0
                text21                             1C08     1C08        4      DB2       0
                text20                             186A     186A       92      803       0
                text19                             1BCC     1BCC       10      DB2       0
                text18                             1AEA     1AEA       2E      CE6       0
                text17                             1BB2     1BB2       1A      DB2       0
                text16                             1B98     1B98       1A      DB2       0
                text15                             1B7E     1B7E       1A      DB2       0
                text14                             1B64     1B64       1A      DB2       0
                text13                             1BF4     1BF4        C      DB2       0
                text12                             1BE8     1BE8        C      DB2       0
                text11                             1C00     1C00        8      DB2       0
                text10                             1BDC     1BDC        C      DB2       0
                intcode_body                       1006     1006      3F6      803       0
                text8                              1B18     1B18       2C      CE6       0
                text7                              1560     1560      144      803       0
                text6                              1AB8     1AB8       32      CE6       0
                text5                              19CC     19CC       5C      CE6       0
                text4                              13FC     13FC      164      803       0
                text3                              16A4     16A4      12C      803       0
                text2                              18FC     18FC       72      803       0
                text1                              1A7E     1A7E       3A      CE6       0
                text0                              17D0     17D0       9A      803       0
                cstackCOMRAM                         5A       5A       18        1       1
                cstackBANK0                          DD       DD        A       80       1
                dataBANK0                            80       80       5D       80       1
                dataCOMRAM                           3B       3B       1F        1       1
                bssCOMRAM                             1        1       3A        1       1
                cinit                              1A28     1A28       56      CE6       0
                idataBANK0                         196E     196E       5D      803       0
                idataCOMRAM                        1B44     1B44       1F      CE6       0

TOTAL           Name                               Link     Load   Length     Space
        CLASS   CODE           
                intcode                               8        8        6         0
                init                                  E        E        4         0
                reset_vec                             0        0        4         0
                text28                             1C20     1C20        4         0
                text27                             1C1C     1C1C        4         0
                text26                             1C18     1C18        4         0
                text25                             1C24     1C24        2         0
                text24                             1C14     1C14        4         0
                text23                             1C10     1C10        4         0
                text22                             1C0C     1C0C        4         0
                text21                             1C08     1C08        4         0
                text20                             186A     186A       92         0
                text19                             1BCC     1BCC       10         0
                text18                             1AEA     1AEA       2E         0
                text17                             1BB2     1BB2       1A         0
                text16                             1B98     1B98       1A         0
                text15                             1B7E     1B7E       1A         0
                text14                             1B64     1B64       1A         0
                text13                             1BF4     1BF4        C         0
                text12                             1BE8     1BE8        C         0
                text11                             1C00     1C00        8         0
                text10                             1BDC     1BDC        C         0
                intcode_body                       1006     1006      3F6         0
                text8                              1B18     1B18       2C         0
                text7                              1560     1560      144         0
                text6                              1AB8     1AB8       32         0
                text5                              19CC     19CC       5C         0
                text4                              13FC     13FC      164         0
                text3                              16A4     16A4      12C         0
                text2                              18FC     18FC       72         0
                text1                              1A7E     1A7E       3A         0
                text0                              17D0     17D0       9A         0
                cinit                              1A28     1A28       56         0
                idataBANK0                         196E     196E       5D         0
                idataCOMRAM                        1B44     1B44       1F         0

        CLASS   CONST          

        CLASS   SMALLCONST     
                smallconst                         1000     1000        6         0

        CLASS   MEDIUMCONST    

        CLASS   COMRAM         
                temp                                 72       72        1         1
                cstackCOMRAM                         5A       5A       18         1
                dataCOMRAM                           3B       3B       1F         1
                bssCOMRAM                             1        1       3A         1

        CLASS   ABS1           

        CLASS   BIGRAM         

        CLASS   RAM            

        CLASS   BANK0          
                cstackBANK0                          DD       DD        A         1
                dataBANK0                            80       80       5D         1

        CLASS   BANK1          

        CLASS   BANK2          

        CLASS   BANK3          

        CLASS   BANK4          

        CLASS   BANK5          

        CLASS   BANK6          

        CLASS   BANK7          

        CLASS   BANK8          

        CLASS   BANK9          

        CLASS   BANK10         

        CLASS   BANK11         

        CLASS   BANK12         

        CLASS   BANK13         

        CLASS   BANK14         

        CLASS   BANK15         

        CLASS   SFR            

        CLASS   BIGSFR         

        CLASS   CONFIG         
                config                           300000   300000        E         4

        CLASS   IDLOC          
                idloc                            200000   200000        8         5

        CLASS   EEDATA         

        CLASS   FARRAM         

        CLASS   HEAP           

        CLASS   STACK          



SEGMENTS        Name                           Load    Length   Top    Selector   Space  Class

                reset_vec                      000000  000004  000004         0       0  CODE    
                bssCOMRAM                      000001  000072  000073         1       1  COMRAM  
                intcode                        000008  00000A  000012         4       0  CODE    
                dataBANK0                      000080  000067  0000E7        80       1  BANK0   
                smallconst                     001000  000006  001006       800       0  SMALLCON
                intcode_body                   001006  0009C5  0019CB       803       0  CODE    
                text5                          0019CC  000197  001B63       CE6       0  CODE    
                text14                         001B64  0000C2  001C26       DB2       0  CODE    


UNUSED ADDRESS RANGES

        Name                Unused          Largest block    Delta
        BANK0            0000E7-0000FF               19
        BANK1            000100-0001FF              100
        BANK10           000A00-000AFF              100
        BANK11           000B00-000BFF              100
        BANK12           000C00-000CFF              100
        BANK13           000D00-000DFF              100
        BANK14           000E00-000EFF              100
        BANK15           000F00-000F7F               80
        BANK2            000200-0002FF              100
        BANK3            000300-0003FF              100
        BANK4            000400-0004FF              100
        BANK5            000500-0005FF              100
        BANK6            000600-0006FF              100
        BANK7            000700-0007FF              100
        BANK8            000800-0008FF              100
        BANK9            000900-0009FF              100
        BIGRAM           000073-00007F                D
                         0000E7-000F7F              E99
        BIGSFR           000F80-000FFF               80
        CODE             000004-000007                4
                         000012-000FFF              FEE
                         0019CB-0019CB                1
                         001B63-001B63                1
                         001C26-00FFFF             E3DA
        COMRAM           000073-00007F                D
        CONST            000004-000007                4
                         000012-000FFF              FEE
                         0019CB-0019CB                1
                         001B63-001B63                1
                         001C26-00FFFF             E3DA
        EEDATA           F00000-F003FF              400
        MEDIUMCONST      0019CB-0019CB                1
                         001B63-001B63                1
                         001C26-00FFFF             E3DA
        RAM              0000E7-000F7F              100
        SFR              000F80-000FFF               80
        SMALLCONST       0019CB-0019CB                1
                         001B63-001B63                1
                         001C26-00FFFF              100

                                  Symbol Table

MSSP_SPI_Master_Mode_GPIO_PIN_Configurations@F3156    dataCOMRAM   00004F
MSSP_SPI_Master_Mode_GPIO_PIN_Configurations@F3158    dataCOMRAM   00004E
MSSP_SPI_Master_Mode_GPIO_PIN_Configurations@F3160    dataCOMRAM   00004D
MSSP_SPI_Master_Mode_GPIO_PIN_Configurations@SPI_CLK  cstackBANK0  0000DF
MSSP_SPI_Master_Mode_GPIO_PIN_Configurations@SPI_Inst cstackCOMRAM 000070
MSSP_SPI_Master_Mode_GPIO_PIN_Configurations@SPI_SDI  cstackBANK0  0000DE
MSSP_SPI_Master_Mode_GPIO_PIN_Configurations@SPI_SDO  cstackBANK0  0000DD
MSSP_SPI_Mode_Initialize@SPI_Inst                     cstackBANK0  0000E2
MSSP_SPI_Slave_Mode_GPIO_PIN_Configurations@F3164     dataCOMRAM   00004C
MSSP_SPI_Slave_Mode_GPIO_PIN_Configurations@F3166     dataCOMRAM   00004B
MSSP_SPI_Slave_Mode_GPIO_PIN_Configurations@F3168     dataCOMRAM   00004A
MSSP_SPI_Slave_Mode_GPIO_PIN_Configurations@F3170     dataCOMRAM   000049
MSSP_SPI_Slave_Mode_GPIO_PIN_Configurations@SPI_CLK   cstackBANK0  0000E0
MSSP_SPI_Slave_Mode_GPIO_PIN_Configurations@SPI_Inst  cstackCOMRAM 000070
MSSP_SPI_Slave_Mode_GPIO_PIN_Configurations@SPI_SDI   cstackBANK0  0000DF
MSSP_SPI_Slave_Mode_GPIO_PIN_Configurations@SPI_SDO   cstackBANK0  0000DE
MSSP_SPI_Slave_Mode_GPIO_PIN_Configurations@SPI_SS    cstackBANK0  0000E1
RB4_ISR@RB4_Source                                    cstackCOMRAM 00005A
RB5_ISR@RB5_Source                                    cstackCOMRAM 00005A
RB6_ISR@RB6_Source                                    cstackCOMRAM 00005A
RB7_ISR@RB7_Source                                    cstackCOMRAM 00005A
SPI_Send_Byte@SPI_Inst                                cstackCOMRAM 000067
SPI_Send_Byte@_data                                   cstackCOMRAM 000069
_ADCON0bits                                           (abs)        000FC2
_ADCON1bits                                           (abs)        000FC1
_ADCON2bits                                           (abs)        000FC0
_ADC_ISR                                              text28       001C20
_ADC_InterruptHandler                                 bssCOMRAM    000033
_ADRESH                                               (abs)        000FC4
_ADRESL                                               (abs)        000FC3
_BAUDCONbits                                          (abs)        000FB8
_BUTTON1                                              dataCOMRAM   000051
_CCP1CONbits                                          (abs)        000FBD
_CCP1_ISR                                             text27       001C1C
_CCP1_InterruptHandler                                bssCOMRAM    000031
_CCP2CONbits                                          (abs)        000FBA
_CCP2_ISR                                             text26       001C18
_CCP2_InterruptHandler                                bssCOMRAM    00002F
_CCPR1L                                               (abs)        000FBE
_CCPR2L                                               (abs)        000FBB
_EEADR                                                (abs)        000FA9
_EEADRH                                               (abs)        000FAA
_EECON1bits                                           (abs)        000FA6
_EECON2                                               (abs)        000FA7
_EEDATA                                               (abs)        000FA8
_EUSART_FramingErrorHandler                           bssCOMRAM    000005
_EUSART_OverrunErrorHandler                           bssCOMRAM    000003
_EUSART_RX_ISR                                        text25       001C24
_EUSART_RxInterruptHandler                            bssCOMRAM    000007
_EUSART_TX_ISR                                        text24       001C14
_EUSART_TxInterruptHandler                            bssCOMRAM    000009
_INT0_ISR                                             text23       001C10
_INT0_InterruptHandler                                bssCOMRAM    00002D
_INT1_ISR                                             text22       001C0C
_INT1_InterruptHandler                                bssCOMRAM    00002B
_INT2_ISR                                             text21       001C08
_INT2_InterruptHandler                                bssCOMRAM    000029
_INTCON2bits                                          (abs)        000FF1
_INTCON3bits                                          (abs)        000FF0
_INTCONbits                                           (abs)        000FF2
_InterruptManager                                     intcode      000008
_LATA                                                 (abs)        000F89
_LATB                                                 (abs)        000F8A
_LATC                                                 (abs)        000F8B
_LATD                                                 (abs)        000F8C
_LATE                                                 (abs)        000F8D
_MSSP_SPI_ISR                                         text18       001AEA
_MSSP_SPI_Master_Mode_GPIO_PIN_Configurations         text6        001AB8
_MSSP_SPI_Mode_Initialize                             text4        0013FC
_MSSP_SPI_Slave_Mode_GPIO_PIN_Configurations          text5        0019CC
_PIE1bits                                             (abs)        000F9D
_PIE2bits                                             (abs)        000FA0
_PIR1bits                                             (abs)        000F9E
_PIR2bits                                             (abs)        000FA1
_PORTA                                                (abs)        000F80
_PORTB                                                (abs)        000F81
_PORTBbits                                            (abs)        000F81
_PORTC                                                (abs)        000F81
_PORTD                                                (abs)        000F83
_PORTE                                                (abs)        000F84
_PR2                                                  (abs)        000FCB
_RB4_Flag                                             dataCOMRAM   000055
_RB4_ISR                                              text17       001BB2
_RB4_InterruptHandler_HIGH                            bssCOMRAM    000027
_RB4_InterruptHandler_LOW                             bssCOMRAM    000025
_RB5_Flag                                             dataCOMRAM   000054
_RB5_ISR                                              text16       001B98
_RB5_InterruptHandler_HIGH                            bssCOMRAM    000023
_RB5_InterruptHandler_LOW                             bssCOMRAM    000021
_RB6_Flag                                             dataCOMRAM   000053
_RB6_ISR                                              text15       001B7E
_RB6_InterruptHandler_HIGH                            bssCOMRAM    00001F
_RB6_InterruptHandler_LOW                             bssCOMRAM    00001D
_RB7_Flag                                             dataCOMRAM   000052
_RB7_ISR                                              text14       001B64
_RB7_InterruptHandler_HIGH                            bssCOMRAM    00001B
_RB7_InterruptHandler_LOW                             bssCOMRAM    000019
_RCREG                                                (abs)        000FAE
_RCSTAbits                                            (abs)        000FAB
_SPBRG                                                (abs)        000FAF
_SPBRGH                                               (abs)        000FB0
_SPI_InterruptHandler                                 bssCOMRAM    000001
_SPI_SS                                               dataCOMRAM   000056
_SPI_Send_Byte                                        text8        001B18
_SSPBUF                                               (abs)        000FC9
_SSPCON1bits                                          (abs)        000FC6
_SSPSTATbits                                          (abs)        000FC7
_T0CONbits                                            (abs)        000FD5
_T1CONbits                                            (abs)        000FCD
_T2CONbits                                            (abs)        000FCA
_T3CONbits                                            (abs)        000FB1
_TMR0H                                                (abs)        000FD7
_TMR0L                                                (abs)        000FD6
_TMR0_ISR                                             text13       001BF4
_TMR0_InterruptHandler                                bssCOMRAM    000017
_TMR1H                                                (abs)        000FCF
_TMR1L                                                (abs)        000FCE
_TMR1_ISR                                             text12       001BE8
_TMR1_InterruptHandler                                bssCOMRAM    000013
_TMR2                                                 (abs)        000FCC
_TMR2_ISR                                             text11       001C00
_TMR2_InterruptHandler                                bssCOMRAM    00000F
_TMR3H                                                (abs)        000FB3
_TMR3L                                                (abs)        000FB2
_TMR3_ISR                                             text10       001BDC
_TMR3_InterruptHandler                                bssCOMRAM    00000D
_TRISA                                                (abs)        000F92
_TRISB                                                (abs)        000F93
_TRISC                                                (abs)        000F94
_TRISCbits                                            (abs)        000F94
_TRISD                                                (abs)        000F95
_TRISE                                                (abs)        000F96
_TXREG                                                (abs)        000FAD
_TXSTAbits                                            (abs)        000FAC
__HRAM                                                (abs)        000000
__H__absolute__                                       __absolute__ 000000
__Habs1                                               abs1         000000
__Hbank0                                              bank0        000000
__Hbank1                                              bank1        000000
__Hbank10                                             bank10       000000
__Hbank11                                             bank11       000000
__Hbank12                                             bank12       000000
__Hbank13                                             bank13       000000
__Hbank14                                             bank14       000000
__Hbank15                                             bank15       000000
__Hbank2                                              bank2        000000
__Hbank3                                              bank3        000000
__Hbank4                                              bank4        000000
__Hbank5                                              bank5        000000
__Hbank6                                              bank6        000000
__Hbank7                                              bank7        000000
__Hbank8                                              bank8        000000
__Hbank9                                              bank9        000000
__Hbigbss                                             bigbss       000000
__Hbigdata                                            bigdata      000000
__Hbigram                                             bigram       000000
__Hbigsfr                                             bigsfr       000000
__Hbss                                                bss          000000
__HbssCOMRAM                                          bssCOMRAM    000000
__Hcinit                                              cinit        000000
__Hclrtext                                            clrtext      000000
__Hcomram                                             comram       000000
__Hconfig                                             config       30000E
__Hconst                                              const        000000
__HcstackBANK0                                        cstackBANK0  000000
__HcstackCOMRAM                                       cstackCOMRAM 000000
__Hdata                                               data         000000
__HdataBANK0                                          dataBANK0    000000
__HdataCOMRAM                                         dataCOMRAM   000000
__Heeprom_data                                        eeprom_data  000000
__Hfarbss                                             farbss       000000
__Hfardata                                            fardata      000000
__Hheap                                               heap         000000
__Hibigdata                                           ibigdata     000000
__Hidata                                              idata        000000
__HidataBANK0                                         idataBANK0   000000
__HidataCOMRAM                                        idataCOMRAM  000000
__Hidloc                                              idloc        200008
__Hifardata                                           ifardata     000000
__Hinit                                               init         000012
__Hintcode                                            intcode      00000E
__Hintcode_body                                       intcode_body 000000
__Hintcodelo                                          intcodelo    00000E
__Hintentry                                           intentry     000000
__Hintret                                             intret       000000
__Hintsave_regs                                       intsave_regs 000000
__Hirdata                                             irdata       000000
__Hmediumconst                                        mediumconst  000000
__HnvFARRAM                                           nvFARRAM     000000
__Hnvbit                                              nvbit        000000
__Hnvrram                                             nvrram       000000
__Hparam                                              rparam       000000
__Hpowerup                                            powerup      00000E
__Hram                                                ram          000000
__Hramtop                                             ramtop       001000
__Hrbit                                               rbit         000000
__Hrbss                                               rbss         000000
__Hrdata                                              rdata        000000
__Hreset_vec                                          reset_vec    000004
__Hrparam                                             rparam       000000
__Hsfr                                                sfr          000000
__Hsmallconst                                         smallconst   001006
__Hspace_0                                            (abs)        001C26
__Hspace_1                                            (abs)        0000E7
__Hspace_2                                            (abs)        000000
__Hspace_4                                            (abs)        60000E
__Hstack                                              stack        000000
__Hstruct                                             struct       000000
__Htemp                                               temp         000073
__Htext                                               text         000000
__Htext0                                              text0        000000
__Htext1                                              text1        000000
__Htext10                                             text10       000000
__Htext11                                             text11       000000
__Htext12                                             text12       000000
__Htext13                                             text13       000000
__Htext14                                             text14       000000
__Htext15                                             text15       000000
__Htext16                                             text16       000000
__Htext17                                             text17       000000
__Htext18                                             text18       000000
__Htext19                                             text19       000000
__Htext2                                              text2        000000
__Htext20                                             text20       000000
__Htext21                                             text21       000000
__Htext22                                             text22       000000
__Htext23                                             text23       000000
__Htext24                                             text24       000000
__Htext25                                             text25       000000
__Htext26                                             text26       000000
__Htext27                                             text27       000000
__Htext28                                             text28       000000
__Htext29                                             text29       000000
__Htext3                                              text3        000000
__Htext4                                              text4        000000
__Htext5                                              text5        000000
__Htext6                                              text6        000000
__Htext7                                              text7        000000
__Htext8                                              text8        000000
__LRAM                                                (abs)        000001
__L__absolute__                                       __absolute__ 000000
__Labs1                                               abs1         000000
__Lbank0                                              bank0        000000
__Lbank1                                              bank1        000000
__Lbank10                                             bank10       000000
__Lbank11                                             bank11       000000
__Lbank12                                             bank12       000000
__Lbank13                                             bank13       000000
__Lbank14                                             bank14       000000
__Lbank15                                             bank15       000000
__Lbank2                                              bank2        000000
__Lbank3                                              bank3        000000
__Lbank4                                              bank4        000000
__Lbank5                                              bank5        000000
__Lbank6                                              bank6        000000
__Lbank7                                              bank7        000000
__Lbank8                                              bank8        000000
__Lbank9                                              bank9        000000
__Lbigbss                                             bigbss       000000
__Lbigdata                                            bigdata      000000
__Lbigram                                             bigram       000000
__Lbigsfr                                             bigsfr       000000
__Lbss                                                bss          000000
__LbssCOMRAM                                          bssCOMRAM    000000
__Lcinit                                              cinit        000000
__Lclrtext                                            clrtext      000000
__Lcomram                                             comram       000000
__Lconfig                                             config       000000
__Lconst                                              const        000000
__LcstackBANK0                                        cstackBANK0  000000
__LcstackCOMRAM                                       cstackCOMRAM 000000
__Ldata                                               data         000000
__LdataBANK0                                          dataBANK0    000000
__LdataCOMRAM                                         dataCOMRAM   000000
__Leeprom_data                                        eeprom_data  000000
__Lfarbss                                             farbss       000000
__Lfardata                                            fardata      000000
__Lheap                                               heap         000000
__Libigdata                                           ibigdata     000000
__Lidata                                              idata        000000
__LidataBANK0                                         idataBANK0   000000
__LidataCOMRAM                                        idataCOMRAM  000000
__Lidloc                                              idloc        000000
__Lifardata                                           ifardata     000000
__Linit                                               init         00000E
__Lintcode                                            intcode      000008
__Lintcode_body                                       intcode_body 000000
__Lintcodelo                                          intcodelo    00000E
__Lintentry                                           intentry     000000
__Lintret                                             intret       000000
__Lintsave_regs                                       intsave_regs 000000
__Lirdata                                             irdata       000000
__Lmediumconst                                        mediumconst  000000
__LnvFARRAM                                           nvFARRAM     000000
__Lnvbit                                              nvbit        000000
__Lnvrram                                             nvrram       000000
__Lparam                                              rparam       000000
__Lpowerup                                            powerup      00000E
__Lram                                                ram          000000
__Lramtop                                             ramtop       001000
__Lrbit                                               rbit         000000
__Lrbss                                               rbss         000000
__Lrdata                                              rdata        000000
__Lreset_vec                                          reset_vec    000000
__Lrparam                                             rparam       000000
__Lsfr                                                sfr          000000
__Lsmallconst                                         smallconst   001000
__Lspace_0                                            (abs)        000000
__Lspace_1                                            (abs)        000000
__Lspace_2                                            (abs)        000000
__Lspace_4                                            (abs)        000000
__Lstack                                              stack        000000
__Lstruct                                             struct       000000
__Ltemp                                               temp         000072
__Ltext                                               text         000000
__Ltext0                                              text0        000000
__Ltext1                                              text1        000000
__Ltext10                                             text10       000000
__Ltext11                                             text11       000000
__Ltext12                                             text12       000000
__Ltext13                                             text13       000000
__Ltext14                                             text14       000000
__Ltext15                                             text15       000000
__Ltext16                                             text16       000000
__Ltext17                                             text17       000000
__Ltext18                                             text18       000000
__Ltext19                                             text19       000000
__Ltext2                                              text2        000000
__Ltext20                                             text20       000000
__Ltext21                                             text21       000000
__Ltext22                                             text22       000000
__Ltext23                                             text23       000000
__Ltext24                                             text24       000000
__Ltext25                                             text25       000000
__Ltext26                                             text26       000000
__Ltext27                                             text27       000000
__Ltext28                                             text28       000000
__Ltext29                                             text29       000000
__Ltext3                                              text3        000000
__Ltext4                                              text4        000000
__Ltext5                                              text5        000000
__Ltext6                                              text6        000000
__Ltext7                                              text7        000000
__Ltext8                                              text8        000000
__S0                                                  (abs)        001C26
__S1                                                  (abs)        0000E7
__S4                                                  (abs)        000000
__S5                                                  (abs)        000000
___heap_hi                                            (abs)        000000
___heap_lo                                            (abs)        000000
___inthi_sp                                           stack        000000
___intlo_sp                                           stack        000000
___param_bank                                         (abs)        000000
___rparam_used                                        (abs)        000001
___sp                                                 stack        000000
__accesstop                                           (abs)        000080
__activetblptr                                        (abs)        000003
__end_of_ADC_ISR                                      text28       001C24
__end_of_CCP1_ISR                                     text27       001C20
__end_of_CCP2_ISR                                     text26       001C1C
__end_of_EUSART_RX_ISR                                text25       001C26
__end_of_EUSART_TX_ISR                                text24       001C18
__end_of_INT0_ISR                                     text23       001C14
__end_of_INT1_ISR                                     text22       001C10
__end_of_INT2_ISR                                     text21       001C0C
__end_of_InterruptManager                             intcode_body 0013FC
__end_of_MSSP_SPI_ISR                                 text18       001B18
__end_of_MSSP_SPI_Master_Mode_GPIO_PIN_Configurations text6        001AEA
__end_of_MSSP_SPI_Mode_Initialize                     text4        001560
__end_of_MSSP_SPI_Slave_Mode_GPIO_PIN_Configurations  text5        001A28
__end_of_RB4_ISR                                      text17       001BCC
__end_of_RB5_ISR                                      text16       001BB2
__end_of_RB6_ISR                                      text15       001B98
__end_of_RB7_ISR                                      text14       001B7E
__end_of_SPI_Send_Byte                                text8        001B44
__end_of_TMR0_ISR                                     text13       001C00
__end_of_TMR1_ISR                                     text12       001BF4
__end_of_TMR2_ISR                                     text11       001C08
__end_of_TMR3_ISR                                     text10       001BE8
__end_of__initialization                              cinit        001A74
__end_of_gpio_pin_direction_initialize                text7        0016A4
__end_of_gpio_pin_initialize                          text2        00196E
__end_of_gpio_pin_toggle_logic                        text20       0018FC
__end_of_gpio_pin_write_logic                         text3        0017D0
__end_of_initalize                                    text1        001AB8
__end_of_led2_func                                    text19       001BDC
__end_of_main                                         text0        00186A
__initialization                                      cinit        001A28
__mediumconst                                         mediumconst  000000
__pbssCOMRAM                                          bssCOMRAM    000001
__pcinit                                              cinit        001A28
__pcstackBANK0                                        cstackBANK0  0000DD
__pcstackCOMRAM                                       cstackCOMRAM 00005A
__pdataBANK0                                          dataBANK0    000080
__pdataCOMRAM                                         dataCOMRAM   00003B
__pidataBANK0                                         idataBANK0   00196E
__pidataCOMRAM                                        idataCOMRAM  001B44
__pintcode                                            intcode      000008
__pintcode_body                                       intcode_body 001006
__psmallconst                                         smallconst   001000
__ptext0                                              text0        0017D0
__ptext1                                              text1        001A7E
__ptext10                                             text10       001BDC
__ptext11                                             text11       001C00
__ptext12                                             text12       001BE8
__ptext13                                             text13       001BF4
__ptext14                                             text14       001B64
__ptext15                                             text15       001B7E
__ptext16                                             text16       001B98
__ptext17                                             text17       001BB2
__ptext18                                             text18       001AEA
__ptext19                                             text19       001BCC
__ptext2                                              text2        0018FC
__ptext20                                             text20       00186A
__ptext21                                             text21       001C08
__ptext22                                             text22       001C0C
__ptext23                                             text23       001C10
__ptext24                                             text24       001C14
__ptext25                                             text25       001C24
__ptext26                                             text26       001C18
__ptext27                                             text27       001C1C
__ptext28                                             text28       001C20
__ptext29                                             text29       000000
__ptext3                                              text3        0016A4
__ptext4                                              text4        0013FC
__ptext5                                              text5        0019CC
__ptext6                                              text6        001AB8
__ptext7                                              text7        001560
__ptext8                                              text8        001B18
__ramtop                                              ramtop       001000
__smallconst                                          smallconst   001000
_button_val                                           bssCOMRAM    000037
_gpio_pin_direction_initialize                        text7        001560
_gpio_pin_initialize                                  text2        0018FC
_gpio_pin_toggle_logic                                text20       00186A
_gpio_pin_write_logic                                 text3        0016A4
_initalize                                            text1        001A7E
_keypad1                                              dataBANK0    0000C0
_keypad_values                                        dataBANK0    000092
_lat_registers                                        dataCOMRAM   00003B
_lcd1                                                 dataBANK0    0000C8
_lcd2                                                 dataBANK0    0000A2
_led1                                                 dataCOMRAM   000059
_led2                                                 dataCOMRAM   000058
_led2_func                                            text19       001BCC
_led3                                                 dataCOMRAM   000057
_main                                                 text0        0017D0
_master_val                                           bssCOMRAM    000038
_motor1                                               dataCOMRAM   000047
_motor2                                               dataCOMRAM   000045
_port_registers                                       dataBANK0    0000AC
_port_state                                           bssCOMRAM    000036
_program_selector                                     bssCOMRAM    000039
_ret_state                                            dataCOMRAM   000050
_sev_seg1                                             dataBANK0    0000D3
_spi_obj1_master                                      dataBANK0    0000D8
_spi_obj1_slave                                       dataBANK0    0000CE
_timer0_preload                                       bssCOMRAM    000015
_timer1_preload                                       bssCOMRAM    000011
_timer2_preload                                       bssCOMRAM    00003A
_timer3_preload                                       bssCOMRAM    00000B
_tris_registers                                       dataBANK0    0000B6
_usart_obj1                                           dataBANK0    000080
_val1                                                 bssCOMRAM    000035
btemp                                                 temp         000072
end_of_initialization                                 cinit        001A74
gpio_pin_direction_initialize@_pin_config             cstackCOMRAM 000067
gpio_pin_direction_initialize@ret                     cstackCOMRAM 00006F
gpio_pin_initialize@_pin_config                       cstackBANK0  0000DD
gpio_pin_initialize@ret                               cstackBANK0  0000DF
gpio_pin_toggle_logic@_pin_config                     cstackCOMRAM 00005A
gpio_pin_write_logic@_pin_config                      cstackCOMRAM 000067
gpio_pin_write_logic@logic                            cstackCOMRAM 000069
gpio_pin_write_logic@ret                              cstackCOMRAM 000070
int$flags                                             temp         000072
int_func                                              intcode_body 001006
intlevel0                                             text         000000
intlevel1                                             text         000000
intlevel2                                             text         000000
intlevel3                                             text         000000
isa$std                                               (abs)        000001
isa$xinst                                             (abs)        000000
stackhi                                               (abs)        000000
stacklo                                               (abs)        000000
start                                                 init         00000E
start_initialization                                  cinit        001A28
ttemp5                                                temp         000073
ttemp6                                                temp         000076
ttemp7                                                temp         00007A
wtemp8                                                temp         000073


MODULE INFORMATION

Module		Function		Class		Link	Load	Size
MCAL_Layer/Timer2/hal_timr2.c
		_TMR2_ISR      		CODE           	1C00	0000	8

MCAL_Layer/Timer2/hal_timr2.c estimated size: 8

MCAL_Layer/Timer0/hal_timr0.c
		_TMR0_ISR      		CODE           	1BF4	0000	12

MCAL_Layer/Timer0/hal_timr0.c estimated size: 12

MCAL_Layer/SPI/hal_spi.c
		_MSSP_SPI_Master_Mode_GPIO_PIN_Configurations		CODE           	1AB8	0000	50
		_MSSP_SPI_ISR  		CODE           	1AEA	0000	46
		_MSSP_SPI_Mode_Initialize		CODE           	13FC	0000	356
		_MSSP_SPI_Slave_Mode_GPIO_PIN_Configurations		CODE           	19CC	0000	92
		_SPI_Send_Byte 		CODE           	1B18	0000	44

MCAL_Layer/SPI/hal_spi.c estimated size: 588

MCAL_Layer/usart/hal_usart.c
		_EUSART_RX_ISR 		CODE           	1C24	0000	2
		_EUSART_TX_ISR 		CODE           	1C14	0000	4

MCAL_Layer/usart/hal_usart.c estimated size: 6

MCAL_Layer/Timer3/hal_timr3.c
		_TMR3_ISR      		CODE           	1BDC	0000	12

MCAL_Layer/Timer3/hal_timr3.c estimated size: 12

shared
		__initialization		CODE           	1A28	0000	76

shared estimated size: 76

MCAL_Layer/Interrupt/mcal_external_interrupt.c
		_RB4_ISR       		CODE           	1BB2	0000	26
		_RB5_ISR       		CODE           	1B98	0000	26
		_RB6_ISR       		CODE           	1B7E	0000	26
		_RB7_ISR       		CODE           	1B64	0000	26
		_INT0_ISR      		CODE           	1C10	0000	4
		_INT1_ISR      		CODE           	1C0C	0000	4
		_INT2_ISR      		CODE           	1C08	0000	4

MCAL_Layer/Interrupt/mcal_external_interrupt.c estimated size: 116

MCAL_Layer/ADC/hal_adc.c
		_ADC_ISR       		CODE           	1C20	0000	4

MCAL_Layer/ADC/hal_adc.c estimated size: 4

MCAL_Layer/Interrupt/mcal_interrupt_manager.c
		_InterruptManager		CODE           	0008	0000	1020

MCAL_Layer/Interrupt/mcal_interrupt_manager.c estimated size: 1020

MCAL_Layer/GPIO/hal_gpio.c
		_gpio_pin_write_logic		CODE           	16A4	0000	300
		_gpio_pin_direction_initialize		CODE           	1560	0000	324
		_gpio_pin_toggle_logic		CODE           	186A	0000	146
		_gpio_pin_initialize		CODE           	18FC	0000	114

MCAL_Layer/GPIO/hal_gpio.c estimated size: 884

MCAL_Layer/Timer1/hal_timr1.c
		_TMR1_ISR      		CODE           	1BE8	0000	12

MCAL_Layer/Timer1/hal_timr1.c estimated size: 12

./application.h
		_led2_func     		CODE           	1BCC	0000	16

./application.h estimated size: 16

application.c
		_initalize     		CODE           	1A7E	0000	58
		_main          		CODE           	17D0	0000	154

application.c estimated size: 212

MCAL_Layer/CCP/hal_ccp.c
		_CCP1_ISR      		CODE           	1C1C	0000	4
		_CCP2_ISR      		CODE           	1C18	0000	4

MCAL_Layer/CCP/hal_ccp.c estimated size: 8

